#-----------------------------------------------------------
# Vivado v2020.2 (64-bit)
# SW Build 3064766 on Wed Nov 18 09:12:45 MST 2020
# IP Build 3064653 on Wed Nov 18 14:17:31 MST 2020
# Start of session at: Wed Apr 20 17:34:23 2022
# Process ID: 3236
# Current directory: C:/Users/tomas/Downloads/Tomas-Kaspar-main/Tomas-Kaspar-main/labs/project/UART
# Command line: vivado.exe -gui_launcher_event rodinguilauncherevent16772 C:\Users\tomas\Downloads\Tomas-Kaspar-main\Tomas-Kaspar-main\labs\project\UART\UART.xpr
# Log file: C:/Users/tomas/Downloads/Tomas-Kaspar-main/Tomas-Kaspar-main/labs/project/UART/vivado.log
# Journal file: C:/Users/tomas/Downloads/Tomas-Kaspar-main/Tomas-Kaspar-main/labs/project/UART\vivado.jou
#-----------------------------------------------------------
start_gui
open_project C:/Users/tomas/Downloads/Tomas-Kaspar-main/Tomas-Kaspar-main/labs/project/UART/UART.xpr
update_compile_order -fileset sources_1
close_project
open_project C:/Users/tomas/Documents/GitHub/Digital-Electronics-1/Labs/08-Traffic_lights/Classwork/traffic/traffic.xpr
update_compile_order -fileset sources_1
close_project
open_project C:/Users/tomas/Downloads/Tomas-Kaspar-main/Tomas-Kaspar-main/labs/project/UART/UART.xpr
update_compile_order -fileset sources_1
file mkdir C:/Users/tomas/Downloads/Tomas-Kaspar-main/Tomas-Kaspar-main/labs/project/UART/UART.srcs/sim_1/new
set_property SOURCE_SET sources_1 [get_filesets sim_1]
close [ open C:/Users/tomas/Downloads/Tomas-Kaspar-main/Tomas-Kaspar-main/labs/project/UART/UART.srcs/sim_1/new/UART_Tb.vhd w ]
add_files -fileset sim_1 C:/Users/tomas/Downloads/Tomas-Kaspar-main/Tomas-Kaspar-main/labs/project/UART/UART.srcs/sim_1/new/UART_Tb.vhd
update_compile_order -fileset sim_1
