Copyright 1986-2020 Xilinx, Inc. All Rights Reserved.
------------------------------------------------------------------------------------
| Tool Version : Vivado v.2020.2 (win64) Build 3064766 Wed Nov 18 09:12:45 MST 2020
| Date         : Thu Apr 28 16:44:19 2022
| Host         : DESKTOP-CBEJ2VF running 64-bit major release  (build 9200)
| Command      : report_control_sets -verbose -file top_Rx_control_sets_placed.rpt
| Design       : top_Rx
| Device       : xc7a50ti
------------------------------------------------------------------------------------

Control Set Information

Table of Contents
-----------------
1. Summary
2. Histogram
3. Flip-Flop Distribution
4. Detailed Control Set Information

1. Summary
----------

+----------------------------------------------------------+-------+
|                          Status                          | Count |
+----------------------------------------------------------+-------+
| Total control sets                                       |    13 |
|    Minimum number of control sets                        |    13 |
|    Addition due to synthesis replication                 |     0 |
|    Addition due to physical synthesis replication        |     0 |
| Unused register locations in slices containing registers |    79 |
+----------------------------------------------------------+-------+
* Control sets can be merged at opt_design using control_set_merge or merge_equivalent_drivers
** Run report_qor_suggestions for automated merging and remapping suggestions


2. Histogram
------------

+--------------------+-------+
|       Fanout       | Count |
+--------------------+-------+
| Total control sets |    13 |
| >= 0 to < 4        |    11 |
| >= 4 to < 6        |     0 |
| >= 6 to < 8        |     1 |
| >= 8 to < 10       |     0 |
| >= 10 to < 12      |     0 |
| >= 12 to < 14      |     0 |
| >= 14 to < 16      |     0 |
| >= 16              |     1 |
+--------------------+-------+
* Control sets can be remapped at either synth_design or opt_design


3. Flip-Flop Distribution
-------------------------

+--------------+-----------------------+------------------------+-----------------+--------------+
| Clock Enable | Synchronous Set/Reset | Asynchronous Set/Reset | Total Registers | Total Slices |
+--------------+-----------------------+------------------------+-----------------+--------------+
| No           | No                    | No                     |               2 |            1 |
| No           | No                    | Yes                    |               0 |            0 |
| No           | Yes                   | No                     |              37 |           10 |
| Yes          | No                    | No                     |               1 |            1 |
| Yes          | No                    | Yes                    |               0 |            0 |
| Yes          | Yes                   | No                     |               9 |            9 |
+--------------+-----------------------+------------------------+-----------------+--------------+


4. Detailed Control Set Information
-----------------------------------

+----------------------+---------------------------------+---------------------------------------+------------------+----------------+--------------+
|     Clock Signal     |          Enable Signal          |            Set/Reset Signal           | Slice Load Count | Bel Load Count | Bels / Slice |
+----------------------+---------------------------------+---------------------------------------+------------------+----------------+--------------+
|  CLK100MHZ_IBUF_BUFG | UART_Rx/clk_en/Rx_active_o0_out | BTNC_IBUF                             |                1 |              1 |         1.00 |
|  CLK100MHZ_IBUF_BUFG | UART_Rx/clk_en/s_en             |                                       |                1 |              1 |         1.00 |
|  CLK100MHZ_IBUF_BUFG | UART_Rx/clk_en/E[0]             | BTNC_IBUF                             |                1 |              1 |         1.00 |
|  CLK100MHZ_IBUF_BUFG | UART_Rx/clk_en/E[3]             | BTNC_IBUF                             |                1 |              1 |         1.00 |
|  CLK100MHZ_IBUF_BUFG | UART_Rx/clk_en/E[7]             | BTNC_IBUF                             |                1 |              1 |         1.00 |
|  CLK100MHZ_IBUF_BUFG | UART_Rx/clk_en/E[6]             | BTNC_IBUF                             |                1 |              1 |         1.00 |
|  CLK100MHZ_IBUF_BUFG | UART_Rx/clk_en/E[4]             | BTNC_IBUF                             |                1 |              1 |         1.00 |
|  CLK100MHZ_IBUF_BUFG | UART_Rx/clk_en/E[5]             | BTNC_IBUF                             |                1 |              1 |         1.00 |
|  CLK100MHZ_IBUF_BUFG | UART_Rx/clk_en/E[1]             | BTNC_IBUF                             |                1 |              1 |         1.00 |
|  CLK100MHZ_IBUF_BUFG | UART_Rx/clk_en/E[2]             | BTNC_IBUF                             |                1 |              1 |         1.00 |
|  CLK100MHZ_IBUF_BUFG |                                 |                                       |                1 |              2 |         2.00 |
|  CLK100MHZ_IBUF_BUFG |                                 | BTNC_IBUF                             |                2 |              6 |         3.00 |
|  CLK100MHZ_IBUF_BUFG |                                 | UART_Rx/clk_en/s_cnt_local[0]_i_1_n_0 |                8 |             31 |         3.88 |
+----------------------+---------------------------------+---------------------------------------+------------------+----------------+--------------+


